15	8								

1	Plains	2	ARROWS	0	ARCH	0	ARROW	5	4
2	Woods	3	ARROWS	7	ARCH	0	ARROW	6	4
3	Brush	4	ARROWS	100	ARCH	0	ARROW	6	5
4	Hills	5	ARROWS	0	BLOCK	0	ARROW	7	5
5	Jungle	6	ARROWS	0	BLOCK	0	ARROW	8	5
6	Plains	7	ARROWS	200	ARCH	0	ARROW	8	4
7	Desert	8	ARROWS	2	ARCH	0	ARROW	7	4
8	Marsh	9	ARROWS	2000	ARCH	0	ARROW	7	3
9	Hills	10	ARROWS	14	ARCH	0	ARROW	8	3
10	Brush	11	ARROWS	200	ARCH	0	ARROW	9	3
11	Woods	12	ARROWS	0	BLOCK	0	ARROW	10	3
12	Jungle	13	ARROWS	0	BLOCK	0	ARROW	10	2
13	Marsh	14	ARROWS	300	ARCH	0	ARROW	9	2
14	Swamp	15	ARROWS	9	ARCH	0	ARROW	8	2
15	Plains	16	ARROWS	0	ARCH	0	ARROW	7	2
16	Woods	17	ARROWS	21	ARCH	0	ARROW	7	1
17	Brush	18	ARROWS	300	ARCH	0	ARROW	8	1
18	Hills	19	ARROWS	0	BLOCK	0	ARROW	8	0
19	Jungle	20	ARROWS	0	BLOCK	0	ARROW	7	0
20	Plains	21	ARROWS	400	ARCH	0	ARROW	6	0
21	Desert	22	ARROWS	16	ARCH	0	ARROW	6	1
22	Marsh	23	ARROWS	4000	ARCH	0	ARROW	5	1
23	Hills	24	ARROWS	28	ARCH	0	ARROW	4	1
24	Brush	25	ARROWS	400	ARCH	0	ARROW	4	0
25	Woods	26	ARROWS	0	BLOCK	0	ARROW	3	0
26	Jungle	27	ARROWS	0	BLOCK	0	ARROW	2	0
27	Marsh	28	ARROWS	500	ARCH	0	ARROW	2	1
28	Swamp	29	ARROWS	23	ARCH	0	ARROW	3	1
29	Plains	30	ARROWS	0	ARCH	0	ARROW	3	2
30	Woods	31	ARROWS	35	ARCH	0	ARROW	2	2
31	Brush	32	ARROWS	500	ARCH	0	ARROW	1	2
32	Hills	33	ARROWS	0	BLOCK	0	ARROW	0	2
33	Jungle	34	ARROWS	0	BLOCK	0	ARROW	0	3
34	Plains	35	ARROWS	600	ARCH	0	ARROW	1	3
35	Desert	36	ARROWS	30	ARCH	0	ARROW	2	3
36	Marsh	37	ARROWS	6000	ARCH	0	ARROW	3	3
37	Hills	38	ARROWS	42	ARCH	0	ARROW	3	4
38	Brush	39	ARROWS	600	ARCH	0	ARROW	2	4
39	Woods	40	ARROWS	0	BLOCK	0	ARROW	2	5
40	Jungle	41	ARROWS	0	BLOCK	0	ARROW	3	5
41	Marsh	42	ARROWS	100	ARCH	0	ARROW	4	5
42	Swamp	1	ARROWS	37	ARCH	0	ARROW	4	4
#	Towers	0		0					
100	Mountains	41	ARROW	0	ARROW	3	ARROW	5	5
200	Tundra	6	ARROW	0	ARROW	10	ARROW	9	4
300	Mountains	13	ARROW	0	ARROW	17	ARROW	9	1
400	Tundra	20	ARROW	0	ARROW	24	ARROW	5	0
500	Mountains	27	ARROW	0	ARROW	31	ARROW	1	1
600	Tundra	34	ARROW	0	ARROW	38	ARROW	1	4
#	inner			0					
1000	Brush	1	ARROWS	0	ARROW	0	ARROW	5	3
2000	Tower	8	ARROW	3000	ARROW	1000	ARROW	6	3
3000	Brush	15	ARROWS	0	ARROW	0	ARROW	6	2
4000	Tower	22	ARROW	5000	ARROW	3000	ARROW	5	2
5000	Brush	29	ARROWS	0	ARROW	0	ARROW	4	2
6000	Tower	36	ARROW	1000	ARROW	5000	ARROW	4	3
