1    P 2    ARROWS  1000 ARCH    0    ARROW     8   11
2    W 3    ARROWS  7    ARCH    0    ARROW     9   12
3    B 4    ARROWS  100  ARCH    0    ARROW     9   13
4    H 5    ARROWS  103  BLOCK   0    ARROW     10  14
5    J 6    ARROWS  106  BLOCK   0    ARROW     11  13
6    P 7    ARROWS  200  ARCH    0    ARROW     11  12
7    D 8    ARROWS  2    ARCH    0    ARROW     10  11
8    M 9    ARROWS  2000 ARCH    0    ARROW     10  10
9    H 10   ARROWS  14   ARCH    0    ARROW     11  9
10   B 11   ARROWS  200  ARCH    0    ARROW     12  10
11   W 12   ARROWS  110  BLOCK   0    ARROW     13  9
12   J 13   ARROWS  113  BLOCK   0    ARROW     13  8
13   M 14   ARROWS  300  ARCH    0    ARROW     12  7
14   S 15   ARROWS  9    ARCH    0    ARROW     11  8

15   P 16   ARROWS  3000 ARCH    0    ARROW     10  7
16   W 17   ARROWS  21   ARCH    0    ARROW     10  6
17   B 18   ARROWS  300  ARCH    0    ARROW     11  5
18   H 19   ARROWS  117  BLOCK   0    ARROW     11  4
19   J 20   ARROWS  120  BLOCK   0    ARROW     10  3
20   P 21   ARROWS  400  ARCH    0    ARROW     9   4
21   D 22   ARROWS  16   ARCH    0    ARROW     9   5
22   M 23   ARROWS  4000 ARCH    0    ARROW     8   6
23   H 24   ARROWS  28   ARCH    0    ARROW     7   5
24   B 25   ARROWS  400  ARCH    0    ARROW     7   4
25   W 26   ARROWS  124  BLOCK   0    ARROW     6   3
26   J 27   ARROWS  127  BLOCK   0    ARROW     5   4
27   M 28   ARROWS  500  ARCH    0    ARROW     5   5
28   S 29   ARROWS  23   ARCH    0    ARROW     6   6

29   P 30   ARROWS  5000 ARCH    0    ARROW     6   7
30   W 31   ARROWS  35   ARCH    0    ARROW     5   8
31   B 32   ARROWS  500  ARCH    0    ARROW     4   7
32   H 33   ARROWS  131  BLOCK   0    ARROW     3   8
33   J 34   ARROWS  134  BLOCK   0    ARROW     3   9
34   P 35   ARROWS  600  ARCH    0    ARROW     4   10
35   D 36   ARROWS  30   ARCH    0    ARROW     5   9
36   M 37   ARROWS  6000 ARCH    0    ARROW     6   10
37   H 38   ARROWS  42   ARCH    0    ARROW     6   11
38   B 39   ARROWS  600  ARCH    0    ARROW     5   12
39   W 40   ARROWS  138  BLOCK   0    ARROW     5   13
40   J 41   ARROWS  141  BLOCK   0    ARROW     6   14
41   M 42   ARROWS  100  ARCH    0    ARROW     7   13
42   S 1    ARROWS  37   ARCH    0    ARROW     7   12

101  P 142  ARROWS  100  ARCH    0    ARROW      8   15
142  S 141  ARROWS  0    ARROW   0    ARROW      7   16
141  B 140  ARROWS  40   ARCH    0    ARROW      6   15
140  M 139  ARROWS  0    ARROW   0    ARROW      5   16
139  D 138  ARROWS  0    ARROW   0    ARROW      4   15
138  P 137  ARROWS  39   ARCH    0    ARROW      4   14
137  B 136  ARROWS  0    ARROW   0    ARROW      3   13
136  M 135  ARROWS  600  ARCH    0    ARROW      3   12
135  J 134  ARROWS  0    ARROW   0    ARROW      2   11
134  B 133  ARROWS  33   ARCH    0    ARROW      2   10
133  P 132  ARROWS  0    ARROW   0    ARROW      1   9
132  S 131  ARROWS  0    ARROW   0    ARROW      1   8
131  M 130  ARROWS  32   ARCH    0    ARROW      2   7
130  B 129  ARROWS  0    ARROW   0    ARROW      2   6

129  P 128  ARROWS  500  ARCH    0    ARROW      3   5
128  D 127  ARROWS  0    ARROW   0    ARROW      3   4
127  B 126  ARROWS  26   ARCH    0    ARROW      4   3
126  M 125  ARROWS  0    ARROW   0    ARROW      4   2
125  J 124  ARROWS  0    ARROW   0    ARROW      5   1
124  P 123  ARROWS  25   ARCH    0    ARROW      6   2
123  B 122  ARROWS  0    ARROW   0    ARROW      7   1
122  M 121  ARROWS  400  ARCH    0    ARROW      8   2
121  S 120  ARROWS  0    ARROW   0    ARROW      9   1
120  B 119  ARROWS  19   ARCH    0    ARROW      10  2
119  P 118  ARROWS  0    ARROW   0    ARROW      11  1
118  D 117  ARROWS  0    ARROW   0    ARROW      12  2
117  M 116  ARROWS  18   ARCH    0    ARROW      12  3
116  B 115  ARROWS  0    ARROW   0    ARROW      13  4

115  P 114  ARROWS  300  ARCH    0    ARROW      13  5
114  J 113  ARROWS  0    ARROW   0    ARROW      14  6
113  B 112  ARROWS  12   ARCH    0    ARROW      14  7
112  M 111  ARROWS  0    ARROW   0    ARROW      15  8
111  S 110  ARROWS  0    ARROW   0    ARROW      15  9
110  P 109  ARROWS  11   ARCH    0    ARROW      14  10
109  B 108  ARROWS  0    ARROW   0    ARROW      14  11
108  M 107  ARROWS  200  ARCH    0    ARROW      13  12
107  D 106  ARROWS  0    ARROW   0    ARROW      13  13
106  B 105  ARROWS  5    ARCH    0    ARROW      12  14
105  P 104  ARROWS  0    ARROW   0    ARROW      12  15
104  J 103  ARROWS  0    ARROW   0    ARROW      11  16
103  M 102  ARROWS  4    ARCH    0    ARROW      10  15
102  B 101  ARROWS  0    ARROW   0    ARROW      9   16

100  T 41   ARROW   101  ARROW   3    ARROW      8   14
200  T 6    ARROW   108  ARROW   10   ARROW      12  11
300  T 13   ARROW   115  ARROW   17   ARROW      12  6
400  T 20   ARROW   122  ARROW   24   ARROW      8   3
500  T 27   ARROW   129  ARROW   31   ARROW      4   6
600  T 34   ARROW   136  ARROW   38   ARROW      4   11

1000 m 1    BLOCK   2000 ARROW   6000 ARROW      8   10
2000 t 8    BLOCK   3000 ARROW   1000 ARROW      9   9
3000 m 15   BLOCK   4000 ARROW   2000 ARROW      9   8
4000 t 22   BLOCK   5000 ARROW   3000 ARROW      8   7
5000 m 29   BLOCK   6000 ARROW   4000 ARROW      7   8
6000 t 36   BLOCK   1000 ARROW   5000 ARROW      7   9
