CASE 1    PLAINS    2    ARROWS  1000 ARCH    0    ARROW     8   11
CASE 2    WOODS     3    ARROWS  7    ARCH    0    ARROW     9   12
CASE 3    BRUSH     4    ARROWS  100  ARCH    0    ARROW     9   13
CASE 4    HILLS     5    ARROWS  103  BLOCK   0    ARROW     10  14
CASE 5    JUNGLE    6    ARROWS  106  BLOCK   0    ARROW     11  13
CASE 6    PLAINS    7    ARROWS  200  ARCH    0    ARROW     11  12
CASE 7    DESERT    8    ARROWS  2    ARCH    0    ARROW     10  11
CASE 8    MARSH     9    ARROWS  2000 ARCH    0    ARROW     10  10
CASE 9    HILLS     10   ARROWS  14   ARCH    0    ARROW     11  9
CASE 10   BRUSH     11   ARROWS  200  ARCH    0    ARROW     12  10
CASE 11   WOODS     12   ARROWS  110  BLOCK   0    ARROW     13  9
CASE 12   JUNGLE    13   ARROWS  113  BLOCK   0    ARROW     13  8
CASE 13   MARSH     14   ARROWS  300  ARCH    0    ARROW     12  7
CASE 14   SWAMP     15   ARROWS  9    ARCH    0    ARROW     11  8

CASE 15   PLAINS    16   ARROWS  3000 ARCH    0    ARROW     10  7
CASE 16   WOODS     17   ARROWS  21   ARCH    0    ARROW     10  6
CASE 17   BRUSH     18   ARROWS  300  ARCH    0    ARROW     11  5
CASE 18   HILLS     19   ARROWS  117  BLOCK   0    ARROW     11  4
CASE 19   JUNGLE    20   ARROWS  120  BLOCK   0    ARROW     10  3
CASE 20   PLAINS    21   ARROWS  400  ARCH    0    ARROW     9   4
CASE 21   DESERT    22   ARROWS  16   ARCH    0    ARROW     9   5
CASE 22   MARSH     23   ARROWS  4000 ARCH    0    ARROW     8   6
CASE 23   HILLS     24   ARROWS  28   ARCH    0    ARROW     7   5
CASE 24   BRUSH     25   ARROWS  400  ARCH    0    ARROW     7   4
CASE 25   WOODS     26   ARROWS  124  BLOCK   0    ARROW     6   3
CASE 26   JUNGLE    27   ARROWS  127  BLOCK   0    ARROW     5   4
CASE 27   MARSH     28   ARROWS  500  ARCH    0    ARROW     5   5
CASE 28   SWAMP     29   ARROWS  23   ARCH    0    ARROW     6   6

CASE 29   PLAINS    30   ARROWS  5000 ARCH    0    ARROW     6   7
CASE 30   WOODS     31   ARROWS  35   ARCH    0    ARROW     5   8
CASE 31   BRUSH     32   ARROWS  500  ARCH    0    ARROW     4   7
CASE 32   HILLS     33   ARROWS  131  BLOCK   0    ARROW     3   8
CASE 33   JUNGLE    34   ARROWS  134  BLOCK   0    ARROW     3   9
CASE 34   PLAINS    35   ARROWS  600  ARCH    0    ARROW     4   10
CASE 35   DESERT    36   ARROWS  30   ARCH    0    ARROW     5   9
CASE 36   MARSH     37   ARROWS  6000 ARCH    0    ARROW     6   10
CASE 37   HILLS     38   ARROWS  42   ARCH    0    ARROW     6   11
CASE 38   BRUSH     39   ARROWS  600  ARCH    0    ARROW     5   12
CASE 39   WOODS     40   ARROWS  138  BLOCK   0    ARROW     5   13
CASE 40   JUNGLE    41   ARROWS  141  BLOCK   0    ARROW     6   14
CASE 41   MARSH     42   ARROWS  100  ARCH    0    ARROW     7   13
CASE 42   SWAMP     1    ARROWS  37   ARCH    0    ARROW     7   12

CASE 101  PLAINS    142  ARROWS  100  ARCH    0    ARROW      8   15
CASE 142  SWAMP     141  ARROWS  0    ARROW   0    ARROW      7   16
CASE 141  BRUSH     140  ARROWS  40   ARCH    0    ARROW      6   15
CASE 140  MARSH     139  ARROWS  0    ARROW   0    ARROW      5   16
CASE 139  DESERT    138  ARROWS  0    ARROW   0    ARROW      4   15
CASE 138  PLAINS    137  ARROWS  39   ARCH    0    ARROW      4   14
CASE 137  BRUSH     136  ARROWS  0    ARROW   0    ARROW      3   13
CASE 136  MARSH     135  ARROWS  600  ARCH    0    ARROW      3   12
CASE 135  JUNGLE    134  ARROWS  0    ARROW   0    ARROW      2   11
CASE 134  BRUSH     133  ARROWS  33   ARCH    0    ARROW      2   10
CASE 133  PLAINS    132  ARROWS  0    ARROW   0    ARROW      1   9
CASE 132  SWAMP     131  ARROWS  0    ARROW   0    ARROW      1   8
CASE 131  MARSH     130  ARROWS  32   ARCH    0    ARROW      2   7
CASE 130  BRUSH     129  ARROWS  0    ARROW   0    ARROW      2   6

CASE 129  PLAINS    128  ARROWS  500  ARCH    0    ARROW      3   5
CASE 128  DESERT    127  ARROWS  0    ARROW   0    ARROW      3   4
CASE 127  BRUSH     126  ARROWS  26   ARCH    0    ARROW      4   3
CASE 126  MARSH     125  ARROWS  0    ARROW   0    ARROW      4   2
CASE 125  JUNGLE    124  ARROWS  0    ARROW   0    ARROW      5   1
CASE 124  PLAINS    123  ARROWS  25   ARCH    0    ARROW      6   2
CASE 123  BRUSH     122  ARROWS  0    ARROW   0    ARROW      7   1
CASE 122  MARSH     121  ARROWS  400  ARCH    0    ARROW      8   2
CASE 121  SWAMP     120  ARROWS  0    ARROW   0    ARROW      9   1
CASE 120  BRUSH     119  ARROWS  19   ARCH    0    ARROW      10  2
CASE 119  PLAINS    118  ARROWS  0    ARROW   0    ARROW      11  1
CASE 118  DESERT    117  ARROWS  0    ARROW   0    ARROW      12  2
CASE 117  MARSH     116  ARROWS  18   ARCH    0    ARROW      12  3
CASE 116  BRUSH     115  ARROWS  0    ARROW   0    ARROW      13  4

CASE 115  PLAINS    114  ARROWS  300  ARCH    0    ARROW      13  5
CASE 114  JUNGLE    113  ARROWS  0    ARROW   0    ARROW      14  6
CASE 113  BRUSH     112  ARROWS  12   ARCH    0    ARROW      14  7
CASE 112  MARSH     111  ARROWS  0    ARROW   0    ARROW      15  8
CASE 111  SWAMP     110  ARROWS  0    ARROW   0    ARROW      15  9
CASE 110  PLAINS    109  ARROWS  11   ARCH    0    ARROW      14  10
CASE 109  BRUSH     108  ARROWS  0    ARROW   0    ARROW      14  11
CASE 108  MARSH     107  ARROWS  200  ARCH    0    ARROW      13  12
CASE 107  DESERT    106  ARROWS  0    ARROW   0    ARROW      13  13
CASE 106  BRUSH     105  ARROWS  5    ARCH    0    ARROW      12  14
CASE 105  PLAINS    104  ARROWS  0    ARROW   0    ARROW      12  15
CASE 104  JUNGLE    103  ARROWS  0    ARROW   0    ARROW      11  16
CASE 103  MARSH     102  ARROWS  4    ARCH    0    ARROW      10  15
CASE 102  BRUSH     101  ARROWS  0    ARROW   0    ARROW      9   16

CASE 100  TOWER     41   ARROW   101  ARROW   3    ARROW      8   14
CASE 200  TOWER     6    ARROW   108  ARROW   10   ARROW      12  11
CASE 300  TOWER     13   ARROW   115  ARROW   17   ARROW      12  6
CASE 400  TOWER     20   ARROW   122  ARROW   24   ARROW      8   3
CASE 500  TOWER     27   ARROW   129  ARROW   31   ARROW      4   6
CASE 600  TOWER     34   ARROW   136  ARROW   38   ARROW      4   11

CASE 1000 MOUNTAINS 1    BLOCK   2000 ARROW   6000 ARROW      8   10
CASE 2000 TUNDRA    8    BLOCK   3000 ARROW   1000 ARROW      9   9
CASE 3000 MOUNTAINS 15   BLOCK   4000 ARROW   2000 ARROW      9   8
CASE 4000 TUNDRA    22   BLOCK   5000 ARROW   3000 ARROW      8   7
CASE 5000 MOUNTAINS 29   BLOCK   6000 ARROW   4000 ARROW      7   8
CASE 6000 TUNDRA    36   BLOCK   1000 ARROW   5000 ARROW      7   9
